// Jest Snapshot v1, https://goo.gl/fbAQLP

exports[`getAPIUrl should return the api url 1`] = `"https://asylum-connect-api-staging.herokuapp.com/v1"`;
